== build identity: d6c5b4b (commit d6c5b4b59d9ae579c473d653c23fe5f35eab7016, 2026-10-06T03:42:02+00:00), numeric 0.1.0
== import (a fresh clone has no .godot cache)
== export Linux
== export Windows
== export macOS
== smoke test: the exported Linux binary flies trimmed level flight
trimmed level flight: alt 30.000 → 30.000 m, speed 15.0000 m/s, throttle 0.284, 5174 rpm, trims ail +0.0205 elev +0.2628
exported binary reports build d6c5b4b
== macOS bundle: universal and ad-hoc signed
macOS export: OpenRC Simulator.app/Contents/MacOS/OpenRC Simulator mode 0o755, slices x86_64 ad-hoc signed, arm64 ad-hoc signed
== version fields: .exe VERSIONINFO and Info.plist carry config/version 0.1.0
version fields: .exe 0.1.0.0 (FileVersion, ProductVersion), Info.plist 0.1.0 (short and bundle version)
== default field and compiled loader are present in all three packs (empty-project smoke)
Godot Engine v4.7.2.stable.official.ed1daf0bf - https://godotengine.org

Pack field validated, SHA-256 b4fad6277314d098477ac8ada6bf4c5d2dabeb7d932abfec9104ba3a66397b8b
Pack tree catalog, imported atlas, license and 480-tree field validated
Godot Engine v4.7.2.stable.official.ed1daf0bf - https://godotengine.org

Pack field validated, SHA-256 b4fad6277314d098477ac8ada6bf4c5d2dabeb7d932abfec9104ba3a66397b8b
Pack tree catalog, imported atlas, license and 480-tree field validated
Godot Engine v4.7.2.stable.official.ed1daf0bf - https://godotengine.org

Pack field validated, SHA-256 b4fad6277314d098477ac8ada6bf4c5d2dabeb7d932abfec9104ba3a66397b8b
Pack tree catalog, imported atlas, license and 480-tree field validated
== packages
1109b460928cb6dbe8c5bce621e830499873cbbbf2780ea4876d40de9596f2e5  openrc-simulator-d6c5b4b-linux-x86_64.zip
c231ab2ae13e054e16300a1ca5e12a513abfe87790b5443758225957d564a031  openrc-simulator-d6c5b4b-macos-universal.zip
03c50a2602ada42dd97862b78c06766d412e001ac4fc31e8cc6a25c9b7a8270a  openrc-simulator-d6c5b4b-windows-x86_64.zip
-rw-rw-r-- 1 bulto bulto 29030785 Oct  6 03:42 openrc-simulator-d6c5b4b-linux-x86_64.zip
-rw-rw-r-- 1 bulto bulto 61182810 Oct  6 03:42 openrc-simulator-d6c5b4b-macos-universal.zip
-rw-rw-r-- 1 bulto bulto 38556235 Oct  6 03:42 openrc-simulator-d6c5b4b-windows-x86_64.zip
