WorkerThreadPool: 12 threads, 3 max low-priority.
Godot Engine v4.7.2.stable.official.ed1daf0bf - https://godotengine.org
TextServer: Added interface "Dummy"
TextServer: Added interface "ICU / HarfBuzz / Graphite (Built-in)"
SDL: Init OK!
Accessibility: AccessKit driver loaded.
Xshape 1.1 detected.
Xinerama 1.1 detected.
Xrandr 1.6 detected.
Xrender 0.11 detected.
Xinput 2.2 detected.
XInput: Refreshing devices.
XInput: No touch devices found.
Input method started.
Detecting GPUs, set DRI_PRIME in the environment to override GPU detection logic.
Only one GPU found, using default.
Accessibility: window 0 adapter created.
WARNING: Could not set V-Sync mode, as changing V-Sync mode is not supported by the graphics driver.
     at: set_use_vsync (platform/linuxbsd/x11/gl_manager_x11.cpp:372)
XcursorGetTheme could not get cursor theme
Failed loading custom cursor: crossed_circle
DBus 1.14.10 detected.
Using "default" pen tablet driver...
Shader 'CanvasSdfShaderGLES3' SHA256: abf356c5c158e897c1737becd3e6532eb221c967f6121798daab7bfe96f2ce42
Shader 'SkeletonShaderGLES3' SHA256: b724bbf96cb191c3ae0b22461482bd5d8f988f0884b3957c98bc8282be770042
Shader 'ParticlesShaderGLES3' SHA256: e395289efaf6eb901f37fa52ee46789f3fed87c5d9721839dd1efbd72c3654f8
Shader 'ParticlesCopyShaderGLES3' SHA256: 22a76bde134d7d817978f4d1aff359654d43eeaafe93ce29c4b2479f08797240
Shader 'CopyShaderGLES3' SHA256: b0faebd6925ff1c833511b8c8f5903495c10d50a2e0380eccc8928f02753a292
Shader 'CubemapFilterShaderGLES3' SHA256: b609d6da4f54d6088e153d0529646c1ae7652585a5cfd976768f9045952120e2
Shader 'GlowShaderGLES3' SHA256: 8f5fe5d3855cfde58ee491780c7ef8f87450649ccee7c499d11dac3127823727
Shader 'PostShaderGLES3' SHA256: bc75cc50626db27e4022969ac2e0db5def83d6ef6bad584c4e142e19decd1e6c
Shader 'FeedShaderGLES3' SHA256: 91c6c80fb626be963e0d35c9015450afdb94c21a9a5a724e204bb741159a3006
Shader 'CanvasShaderGLES3' SHA256: 50e14a659485d647a4c471ff8cdd8c47a4c9f524840fd40fea402971ed8505c1
Shader 'CanvasOcclusionShaderGLES3' SHA256: 6ae9571e2fd4347046b3e02c28910aa22c11964bfb6632690d8a04a5a3830b2d
Shader 'SceneShaderGLES3' SHA256: 7d48dc451e6650f858cdcfe9b203ad43b4ba2a776d56dc49d3fb1ecc58b81b7d
Shader 'SkyShaderGLES3' SHA256: 08e30f232d8d7c6701b8679fcb635418b8bf98a70969a29aad4fcff8eb5e115f
Shader 'TexBlitShaderGLES3' SHA256: 0b620eaf8020cc83aa48c482a62589eab6cc981c4ab72fd0d99898a3c1811cfa
OpenGL API 4.5 (Core Profile) Mesa 25.2.8-0ubuntu0.24.04.2 - Compatibility - Using Device: Mesa - llvmpipe (LLVM 20.1.2, 256 bits)

Loading resource: res://i18n/es.po remapped: res://i18n/es.po
Completed load for: 'res://i18n/es.po' remapped 'res://i18n/es.po' at thread -1
TextServer: Primary interface set to: "ICU / HarfBuzz / Graphite (Built-in)".
CORE API HASH: 2004498165
EDITOR API HASH: 1696660745
Loading resource: /home/bulto/OpenRCsimulator/research/crash-damage/cr-01c/capture.gd remapped: /home/bulto/OpenRCsimulator/research/crash-damage/cr-01c/capture.gd
Completed load for: '/home/bulto/OpenRCsimulator/research/crash-damage/cr-01c/capture.gd' remapped '/home/bulto/OpenRCsimulator/research/crash-damage/cr-01c/capture.gd' at thread -1
SceneTreeFTI: traversal method DEFAULT
Loaded system CA certificates
Loading resource: res://main.tscn remapped: res://main.tscn
Loading resource: res://main.gd remapped: res://main.gd
Loading resource: res://render/sky.gdshader remapped: res://render/sky.gdshader
Loading resource: res://render/cloud_field.gdshaderinc remapped: res://render/cloud_field.gdshaderinc
Completed load for: 'res://render/cloud_field.gdshaderinc' remapped 'res://render/cloud_field.gdshaderinc' at thread -1
Completed load for: 'res://render/sky.gdshader' remapped 'res://render/sky.gdshader' at thread -1
Loading resource: res://render/ground.gdshader remapped: res://render/ground.gdshader
Loading resource: res://render/grass_surface.gdshaderinc remapped: res://render/grass_surface.gdshaderinc
Completed load for: 'res://render/grass_surface.gdshaderinc' remapped 'res://render/grass_surface.gdshaderinc' at thread -1
Completed load for: 'res://render/ground.gdshader' remapped 'res://render/ground.gdshader' at thread -1
Loading resource: res://render/treeline.gdshader remapped: res://render/treeline.gdshader
Loading resource: res://render/tree_identity.gdshaderinc remapped: res://render/tree_identity.gdshaderinc
Completed load for: 'res://render/tree_identity.gdshaderinc' remapped 'res://render/tree_identity.gdshaderinc' at thread -1
Loading resource: res://render/tree_wind.gdshaderinc remapped: res://render/tree_wind.gdshaderinc
Completed load for: 'res://render/tree_wind.gdshaderinc' remapped 'res://render/tree_wind.gdshaderinc' at thread -1
Completed load for: 'res://render/treeline.gdshader' remapped 'res://render/treeline.gdshader' at thread -1
Loading resource: res://render/near_grass.gdshader remapped: res://render/near_grass.gdshader
Completed load for: 'res://render/near_grass.gdshader' remapped 'res://render/near_grass.gdshader' at thread -1
Loading resource: res://scenery/motion.gdshader remapped: res://scenery/motion.gdshader
Completed load for: 'res://scenery/motion.gdshader' remapped 'res://scenery/motion.gdshader' at thread -1
Loading resource: res://scenery/flowers.gdshader remapped: res://scenery/flowers.gdshader
Completed load for: 'res://scenery/flowers.gdshader' remapped 'res://scenery/flowers.gdshader' at thread -1
Loading resource: res://scenery/birds.gdshader remapped: res://scenery/birds.gdshader
Completed load for: 'res://scenery/birds.gdshader' remapped 'res://scenery/birds.gdshader' at thread -1
Completed load for: 'res://main.gd' remapped 'res://main.gd' at thread -1
Completed load for: 'res://main.tscn' remapped 'res://main.tscn' at thread -1
Loading resource: res://assets/landscape/trees/atlas.png remapped: res://assets/landscape/trees/atlas.png
Loading resource: res://.godot/imported/atlas.png-e794760107a74004a77d4848f95892ed.ctex remapped: res://.godot/imported/atlas.png-e794760107a74004a77d4848f95892ed.ctex
Completed load for: 'res://assets/landscape/trees/atlas.png' remapped 'res://assets/landscape/trees/atlas.png' at thread -1
aircraft data warning: inertia: Jyy = 0.3871 kg·m2 is 2.11× the scaled UltraStick25e value
CRASH at 10.4 m/s (sink 324.0 m/s, airframe contact (hull point 2), point speed 10.4 m/s at detected tick) - restarting
saved /tmp/openrc-cr01c-de1l4cpt/captures-repeat/banked-crossing.png contact height -0.00000002980232
saved /tmp/openrc-cr01c-de1l4cpt/captures-repeat/banked-detected-reference.png contact height -0.54610764980316
saved /tmp/openrc-cr01c-de1l4cpt/captures-repeat/banked-pilot-crossing.png contact height -0.00000002980232
CRASH at 10.4 m/s (sink 324.0 m/s, airframe contact (hull point 1), point speed 10.4 m/s at detected tick) - restarting
saved /tmp/openrc-cr01c-de1l4cpt/captures-repeat/level-crossing.png contact height 0.0
saved /tmp/openrc-cr01c-de1l4cpt/captures-repeat/level-detected-reference.png contact height -0.20300000905991
XR: Clearing primary interface
XR: Removed interface "Native mobile"
XR: Removed interface "OpenXR"
Accessibility: window 0 adapter destroyed.
