== aircraft model contract (aircraft/verify_model.gd, owned by the model team)
807 checks, 0 failed
== Extra 300S .60 model contract (aircraft/verify_extra.gd: geometry, finish, articulation clearances)
extra preview: 32 meshes, 19502 triangles, extent 1.624 x 0.552 x 1.386 m
verify_extra: 123 checks, 0 failures
== P-51D finish parameters are not stale (assets/aircraft/p51d-mustang-120/compile_appearance.py --check, V08)
P-51 appearance source/runtime: identical
== P-51D Mustang 1/4 model contract (aircraft/verify_p51.gd, P51-02: geometry, articulation, determinism)
verify_p51: 248 checks, 0 failed
== P-51D hinge clearances (aircraft/verify_p51_clearance.gd, P51-04/V01: rudder and elevators at the flown throws and 45 deg)
verify_p51_clearance: 12 checks, 0 failed (31166 ms)
== Avanti S visual contract (aircraft/verify_avanti.gd, AV-03: geometry, hinges, no propeller)
PASS 137 checks
== C7-R1: trace completion, finite samples and failure exits
...........
----------------------------------------------------------------------
Ran 11 tests in 45.601s

OK
== app: headless --trace starts in trimmed level flight (default Ugly Stik, then the Extra, the P-51 and the Avanti by catalog ID)
trimmed level flight: 720 ticks, 3.000000000 s, all samples finite; alt 30.000 -> 30.000 m, speed 15.0000 m/s
trimmed level flight: 720 ticks, 3.000000000 s, all samples finite; alt 30.000 -> 30.000 m, speed 17.0000 m/s
trimmed level flight: 720 ticks, 3.000000000 s, all samples finite; alt 30.000 -> 30.000 m, speed 25.0000 m/s
trimmed level flight: 720 ticks, 3.000000000 s, all samples finite; alt 30.000 -> 30.000 m, speed 29.0000 m/s
== Avanti S physics data is not stale (research/avanti-s/av06/derive_physics.py --check, AV-06)
sebart_avanti_s_a200.json and derivation.md are up to date
== app: an unknown aircraft is refused on the direct route (exit 1, never another airplane)
refused
== frame-time logger writes its report (LANDSCAPE-PLAN L0e; headless numbers are plumbing, not performance)
frame-time report: 218 frames, p50 6.88 <= p95 7.62 <= p99 8.06 ms
== VQ-01b: scripted logger disables input and identifies its route
scripted route, raw samples and disabled input verified
== VQ-01b: invalid logger options and output write failures fail the process
== fixed step: the real app with injected keys reaches the same state at 30, 60 and 144 fps rendering
ticks=480 frames=61 throttle=0.5344 state_sha256=8e5d99f5e218b9f5608cfe0d2ca936cf697f3db4ff55b8d553260cdb1bd407dc
ticks=480 frames=121 throttle=0.5344 state_sha256=8e5d99f5e218b9f5608cfe0d2ca936cf697f3db4ff55b8d553260cdb1bd407dc
ticks=480 frames=289 throttle=0.5344 state_sha256=8e5d99f5e218b9f5608cfe0d2ca936cf697f3db4ff55b8d553260cdb1bd407dc
identical
