== build identity: v0.1.0-rc5-3-g78dded5-dirty (commit 78dded582b982cca80c01144041a774d86dae70a, 2026-10-07T22:25:11+00:00), numeric 0.1.0
== import (a fresh clone has no .godot cache)
== export Linux
== export Windows
== export macOS
== smoke test: the exported Linux binary flies trimmed level flight
trimmed level flight: 720 ticks, 3.000000000 s, all samples finite; alt 30.000 -> 30.000 m, speed 15.0000 m/s
exported binary reports build v0.1.0-rc5-3-g78dded5-dirty
== macOS bundle: universal and ad-hoc signed
macOS export: OpenRC Simulator.app/Contents/MacOS/OpenRC Simulator mode 0o755, slices x86_64 ad-hoc signed, arm64 ad-hoc signed
== version fields: .exe VERSIONINFO and Info.plist carry config/version 0.1.0
version fields: .exe 0.1.0.0 (FileVersion, ProductVersion), Info.plist 0.1.0 (short and bundle version)
== default field and compiled loader are present in all three packs (empty-project smoke)
Godot Engine v4.7.2.stable.official.ed1daf0bf - https://godotengine.org

Pack field validated, SHA-256 42a1a2e020966d76826b5084b5af78bd8328f9e481d3092f140fa52e25bb61b1
Pack L7 hill profile checksum and rendered relief validated
Pack tree catalog, imported atlas, license and 1680-tree field validated
Godot Engine v4.7.2.stable.official.ed1daf0bf - https://godotengine.org

Pack field validated, SHA-256 42a1a2e020966d76826b5084b5af78bd8328f9e481d3092f140fa52e25bb61b1
Pack L7 hill profile checksum and rendered relief validated
Pack tree catalog, imported atlas, license and 1680-tree field validated
Godot Engine v4.7.2.stable.official.ed1daf0bf - https://godotengine.org

Pack field validated, SHA-256 42a1a2e020966d76826b5084b5af78bd8328f9e481d3092f140fa52e25bb61b1
Pack L7 hill profile checksum and rendered relief validated
Pack tree catalog, imported atlas, license and 1680-tree field validated
== packages
5c18efa29f4df88b7ece28e42961fcd41c0abae58d765521061668a637e61c04  openrc-simulator-v0.1.0-rc5-3-g78dded5-dirty-linux-x86_64.zip
834b3dff77c1f8ba338373c6d4cbe64339eeb3332eead5f474409425426396fb  openrc-simulator-v0.1.0-rc5-3-g78dded5-dirty-macos-universal.zip
6b666d8273ac8e0ade6e3ea95c78d0adfd009a2ba2f36bf286600f4980b36600  openrc-simulator-v0.1.0-rc5-3-g78dded5-dirty-windows-x86_64.zip
-rw-rw-r-- 1 bulto bulto 29505729 Oct  7 22:34 openrc-simulator-v0.1.0-rc5-3-g78dded5-dirty-linux-x86_64.zip
-rw-rw-r-- 1 bulto bulto 61655148 Oct  7 22:34 openrc-simulator-v0.1.0-rc5-3-g78dded5-dirty-macos-universal.zip
-rw-rw-r-- 1 bulto bulto 39030629 Oct  7 22:34 openrc-simulator-v0.1.0-rc5-3-g78dded5-dirty-windows-x86_64.zip
