test_advance_uses_axial_speed_and_rotations_per_second (test_audit.AuditTests.test_advance_uses_axial_speed_and_rotations_per_second) ... ok
test_aircraft_contract (test_audit.AuditTests.test_aircraft_contract) ... ok
test_cli_success_failure_and_input_protection (test_audit.AuditTests.test_cli_success_failure_and_input_protection) ... ok
test_coverage_contract (test_audit.AuditTests.test_coverage_contract) ... ok
test_duplicate_and_nonfinite_json_rejected (test_audit.AuditTests.test_duplicate_and_nonfinite_json_rejected) ... ok
test_each_table_uses_own_domain (test_audit.AuditTests.test_each_table_uses_own_domain) ... ok
test_explicit_still_air_required (test_audit.AuditTests.test_explicit_still_air_required) ... ok
test_identity_timing_layout_and_turbine_rejected (test_audit.AuditTests.test_identity_timing_layout_and_turbine_rejected) ... ok
test_initial_sample_does_not_inflate_counts (test_audit.AuditTests.test_initial_sample_does_not_inflate_counts) ... ok
test_known_gap_has_open_endpoints (test_audit.AuditTests.test_known_gap_has_open_endpoints) ... ok
test_load_query_uses_previous_velocity_and_current_rpm (test_audit.AuditTests.test_load_query_uses_previous_velocity_and_current_rpm) ... FAIL
test_malformed_nested_objects_and_angle_bounds (test_audit.AuditTests.test_malformed_nested_objects_and_angle_bounds) ... ok
test_midflight_initial_load_is_not_reconstructible (test_audit.AuditTests.test_midflight_initial_load_is_not_reconstructible) ... ok
test_missing_duplicate_and_nonfinite_trace_rows_rejected (test_audit.AuditTests.test_missing_duplicate_and_nonfinite_trace_rows_rejected) ... ok
test_nominal_run_rpm_does_not_invent_a_band (test_audit.AuditTests.test_nominal_run_rpm_does_not_invent_a_band) ... ok
test_rpm_regions_do_not_extend_static_range_to_dynamic_j (test_audit.AuditTests.test_rpm_regions_do_not_extend_static_range_to_dynamic_j) ... ok
test_stopped_threshold_and_reverse (test_audit.AuditTests.test_stopped_threshold_and_reverse) ... ok
test_table_bounds_are_inclusive (test_audit.AuditTests.test_table_bounds_are_inclusive) ... ok
test_thrust_axis_down_and_right (test_audit.AuditTests.test_thrust_axis_down_and_right) ... ok
test_unknown_coverage_is_not_accepted_coverage (test_audit.AuditTests.test_unknown_coverage_is_not_accepted_coverage) ... ok

======================================================================
FAIL: test_load_query_uses_previous_velocity_and_current_rpm (test_audit.AuditTests.test_load_query_uses_previous_velocity_and_current_rpm)
----------------------------------------------------------------------
Traceback (most recent call last):
  File "/tmp/openrc-range-mutation-urmkl2e_/research/propulsion/range-audit/test_audit.py", line 145, in test_load_query_uses_previous_velocity_and_current_rpm
    self.assertEqual(result['active_j_range'], [0, .5])
AssertionError: Lists differ: [0.0, 4.5] != [0, 0.5]

First differing element 1:
4.5
0.5

- [0.0, 4.5]
+ [0, 0.5]

----------------------------------------------------------------------
Ran 20 tests in 0.141s

FAILED (failures=1)
