Godot Engine v4.7.2.stable.official.ed1daf0bf - https://godotengine.org

ok   default field loads 
ok   wheel velocity includes rotation, position uses the world frame 
aircraft data warning: inertia: Jyy = 0.3871 kg·m2 is 2.11× the scaled UltraStick25e value
ok   240 Hz east completes without crash/fault 
ok   240 Hz east touches down below 1 m/s at every wheel/recontact 0.39340636350853
ok   240 Hz east all wheels stay on runway with 0.5 m margin 2.46521792612064
ok   240 Hz east stops and holds at idle for >=2 s 42.3583333333333
ok   240 Hz east baseline wash remains off 
landing: {"compression_m":0.0296518256708109,"eastbound":true,"hz":240,"margin_m":2.46521792612064,"sink_mps":0.393406363508527,"stop_east_m":45.8087573157842,"stop_time_s":42.3583333333333,"touchdown_east_m":-47.5333912816913,"touchdown_time_s":8.29583333333333}
aircraft data warning: inertia: Jyy = 0.3871 kg·m2 is 2.11× the scaled UltraStick25e value
ok   240 Hz west completes without crash/fault 
ok   240 Hz west touches down below 1 m/s at every wheel/recontact 0.39340636350853
ok   240 Hz west all wheels stay on runway with 0.5 m margin 2.46521792612096
ok   240 Hz west stops and holds at idle for >=2 s 42.3583333333333
ok   240 Hz west baseline wash remains off 
landing: {"compression_m":0.029651825670803,"eastbound":false,"hz":240,"margin_m":2.46521792612096,"sink_mps":0.393406363508527,"stop_east_m":-45.8087573158156,"stop_time_s":42.3583333333333,"touchdown_east_m":47.533391281691,"touchdown_time_s":8.29583333333333}
aircraft data warning: inertia: Jyy = 0.3871 kg·m2 is 2.11× the scaled UltraStick25e value
ok   480 Hz east completes without crash/fault 
ok   480 Hz east touches down below 1 m/s at every wheel/recontact 0.3932047464849
ok   480 Hz east all wheels stay on runway with 0.5 m margin 2.49054779793595
ok   480 Hz east stops and holds at idle for >=2 s 42.3458333333333
ok   480 Hz east baseline wash remains off 
landing: {"compression_m":0.0296784186528206,"eastbound":true,"hz":480,"margin_m":2.49054779793595,"sink_mps":0.393204746484903,"stop_east_m":45.8396634356063,"stop_time_s":42.3458333333333,"touchdown_east_m":-47.5080584903054,"touchdown_time_s":8.29791666666667}
aircraft data warning: inertia: Jyy = 0.3871 kg·m2 is 2.11× the scaled UltraStick25e value
ok   480 Hz west completes without crash/fault 
ok   480 Hz west touches down below 1 m/s at every wheel/recontact 0.3932047464849
ok   480 Hz west all wheels stay on runway with 0.5 m margin 2.49054779793598
ok   480 Hz west stops and holds at idle for >=2 s 42.3458333333333
ok   480 Hz west baseline wash remains off 
landing: {"compression_m":0.0296784186528201,"eastbound":false,"hz":480,"margin_m":2.49054779793598,"sink_mps":0.393204746484903,"stop_east_m":-45.8396634356086,"stop_time_s":42.3458333333333,"touchdown_east_m":47.5080584903054,"touchdown_time_s":8.29791666666667}
ok   all requested flights produce results 
ok   refinement touchdown <=0.25 m, sink <=0.05 m/s 
ok   refinement stop <=0.5 m / 0.5 s, compression <=5 mm 
ok   refinement touchdown <=0.25 m, sink <=0.05 m/s 
ok   refinement stop <=0.5 m / 0.5 s, compression <=5 mm 
aircraft data warning: inertia: Jyy = 0.3871 kg·m2 is 2.11× the scaled UltraStick25e value
CRASH at 12.0 m/s (sink 0.0 m/s, airframe contact (hull point 4), point speed 12.0 m/s at detected tick) - restarting
ok   real session rejects an initial hull/gear penetration before advancing 
28 checks, 0 failed
real 75.51
user 74.98
sys 0.35
