capture-land-30m-noplane.png: sky top 105.0 < near horizon 215.5 (horizon row 710), longest equal run 2 px
capture-land-30m.png: sky top 105.0 < near horizon 215.5 (horizon row 710), longest equal run 2 px
capture-land-az0-el0-100m.png: sky top 167.7 < near horizon 215.2 (horizon row 360), longest equal run 2 px
capture-land-az0-el0.png: sky top 180.0 < near horizon 180.0 (horizon row 360), longest equal run 354 px
capture-land-az0-el10.png: sky top 149.8 < near horizon 215.2 (horizon row 496), longest equal run 2 px
capture-land-az180-el0-100m.png: sky top 203.0 < near horizon 224.1 (horizon row 360), longest equal run 2 px
capture-land-az180-el0.png: sky top 203.0 < near horizon 224.1 (horizon row 360), longest equal run 2 px
capture-land-az180-el10.png: sky top 187.4 < near horizon 224.1 (horizon row 496), longest equal run 2 px
capture-land-az225-el0-100m.png: sky top 182.1 < near horizon 218.4 (horizon row 360), longest equal run 2 px
capture-land-az270-el0-100m.png: sky top 160.1 < near horizon 215.2 (horizon row 360), longest equal run 2 px
capture-land-az270-el0.png: sky top 160.1 < near horizon 215.2 (horizon row 360), longest equal run 2 px
capture-land-az270-el10.png: sky top 129.9 < near horizon 215.2 (horizon row 496), longest equal run 2 px
capture-land-az90-el0-100m.png: sky top 157.8 < near horizon 215.2 (horizon row 360), longest equal run 2 px
capture-land-az90-el0.png: sky top 157.8 < near horizon 215.2 (horizon row 360), longest equal run 2 px
capture-land-az90-el10-t11.png: sky top 129.6 < near horizon 215.2 (horizon row 496), longest equal run 2 px
capture-land-az90-el10.png: sky top 129.6 < near horizon 215.2 (horizon row 496), longest equal run 2 px
capture-land-low3m-noplane.png: sky top 151.4 < near horizon 215.3 (horizon row 377), longest equal run 2 px
capture-land-low3m.png: sky top 151.4 < near horizon 215.3 (horizon row 377), longest equal run 2 px
capture-land-sun.png: sky top 119.8 < near horizon 219.2 (horizon row 720), longest equal run 2 px
sim_clock sent in every landscape view: 1.5, 11.5
capture-land-az0-el0-100m.png: largest step across the ground rim 3.0 levels
capture-land-az90-el0-100m.png: largest step across the ground rim 3.0 levels
capture-land-az180-el0-100m.png: largest step across the ground rim 2.9 levels
capture-land-az225-el0-100m.png: largest step across the ground rim 3.2 levels
capture-land-az270-el0-100m.png: largest step across the ground rim 3.0 levels
capture-land-az0-el0.png: sky above the horizon steps ≤ 0.0 levels; far ground 124 vs near ground 79
capture-land-az90-el0.png: sky above the horizon steps ≤ 0.3 levels; far ground 124 vs near ground 79
capture-land-az180-el0.png: sky above the horizon steps ≤ 0.1 levels; far ground 130 vs near ground 85
capture-land-az270-el0.png: sky above the horizon steps ≤ 0.2 levels; far ground 124 vs near ground 78
sun shadow centroid 459,580: 42 px from the CG's projection along the light, 181 px from the point straight below (the two are 206 px apart; 16856 shadow px)
airplane in the close-up: 9133 px sampled, 99th percentile lightness L* 90.0 (limit 95)
clouds 10 s apart: 24821 sky px changed by > 3 levels; the ground changed by at most 1 level(s)
sun disc centroid 639.5,78.5 vs projected 640.0,79.0: 0.71 px
FAIL capture-land-az0-el0.png: sky not darker at the top (top 180.0, near horizon 180.0); capture-land-az0-el0.png: banding, 354 identical pixels in a row down the sky
