2026-10-07: app/test.sh exit 0; 109 sections; no engine errors.
Fresh local git clone plus E0b3b tracked changes and explicitly copied untracked outputs.
Only the pinned engine binary reused; no .godot cache or ignored asset directories copied.
After the clone snapshot, runtime edits were comments/blank-line cleanup only; executable lines are identical.
No production aircraft data or golden regeneration; skill lint 0 errors and the same 12 existing warnings.
== import resource dependencies
== L6b offline tree placement matches committed positions
== E0b2: Stik hub and neutral tail geometry stay current
== E0b3b: neutral Stik wash profiles stay current
== float64 guard: no 32-bit math types in simulation code
== H6: transcendental calls stay behind math3d
== shaders never read TIME (LANDSCAPE-PLAN L0d: animation runs on sim_clock, so captures repeat)
== parse check: every script
== test_aero.gd
23 checks, 0 failed
== test_aero_flow.gd
H4 local flow: 10000 byte-exact comparisons, 0 failed
H12 local loads: 10001 byte-exact comparisons (7305 stalled, 2000 zero-flow), 0 failed
== test_air_data.gd
11 checks, 0 failed
== test_aircraft_catalog.gd
36 checks, 0 failed
== test_aircraft_data.gd
87 checks, 0 failed
== test_atmosphere.gd
27 checks, 0 failed
== test_attached_flow.gd
H15 attached flow: 10000 air-data and 10000 global-load byte-exact comparisons (5000 windy, 8203 stalled, 2000 without envelope), 0 failed
== test_avanti_handling.gd
30 checks, 0 failed
== test_build_info.gd
== test_checkpoint.gd
H8 checkpoints: 90 checks, 0 failed
== test_contact_policy.gd
72 checks, 0 failed
== test_controls.gd
17 checks, 0 failed
== test_controls_reference.gd
== test_crash.gd
12 checks, 0 failed
== test_damping_regimes.gd
20 checks, 0 failed
== test_downwash_lag.gd
14 checks, 0 failed
== test_dynamics.gd
7 checks, 0 failed
== test_e2e_input.gd
== test_e2e_radio.gd
== test_engine_sound.gd
7 checks, 0 failed
== test_envelope.gd
15 checks, 0 failed
== test_extra_handling.gd
12 checks, 0 failed
== test_field_integration.gd
== test_field_loader.gd
161 checks, 0 failed
== test_frame_samples.gd
43 checks, 0 failed
== test_frames.gd
18 checks, 0 failed
== test_golden.gd
== test_ground_contact.gd
22 checks, 0 failed
== test_ground_friction.gd
26 checks, 0 failed
== test_ground_stiction.gd
25 checks, 0 failed
== test_ground_surfaces.gd
28 checks, 0 failed
== test_gyro.gd
6 checks, 0 failed
== test_handling.gd
9 checks, 0 failed
== test_integrator.gd
9 checks, 0 failed
== test_math3d.gd
11 checks, 0 failed
== test_modes.gd
42 checks, 0 failed
== test_p51_envelope.gd
15 checks, 0 failed
== test_p51_ground.gd
11 checks, 0 failed
== test_p51_handling.gd
15 checks, 0 failed
== test_physical_envelope.gd
== test_pilot_aids.gd
22 checks, 0 failed
== test_propeller_wake.gd
E0b1 wake: 19 checks, 0 failed
== test_propulsion.gd
16 checks, 0 failed
== test_propulsion_scalar.gd
H14 propulsion: 20001 byte-exact comparisons (9537 tilted-shaft, 8166 with crossflow, 2860 still air, 921 stopped), 0 failed
== test_rc_calibration.gd
18 checks, 0 failed
== test_rc_input.gd
41 checks, 0 failed
== test_replay_policy.gd
H9 replay policy: 50 checks, 0 failed
== test_rigid_body.gd
15 checks, 0 failed
== test_rk_stage_time.gd
22 checks, 0 failed
== test_rudder_authority.gd
26 checks, 0 failed
== test_runway_start.gd
19 checks, 0 failed
== test_scenery_ambience.gd
== test_scenery_build.gd
== test_scenery_loader.gd
== test_scenery_scenario.gd
== test_scenery_trace.gd
== test_servo.gd
6 checks, 0 failed
== test_session_guards.gd
32 checks, 0 failed
== test_shader_clock.gd
7 checks, 0 failed
== test_shaft_data.gd
D1-R2: 117 checks, 0 failed
== test_simulation.gd
11 checks, 0 failed
== test_slipstream_downwash.gd
E0b3a: 15 checks, 0 failed
== test_slipstream_scalar.gd
H13 slipstream: 10001 byte-exact comparisons (1 aircraft, 6083 washed, 1429 static air, 448 stopped), 0 failed
== test_spin.gd
8 checks, 0 failed
== test_strip_induced.gd
21 checks, 0 failed
== test_tail_downwash.gd
8 checks, 0 failed
== test_takeoff_roll.gd
7 checks, 0 failed
== test_touchdown.gd
12 checks, 0 failed
== test_trace.gd
19 checks, 0 failed
== test_trace_metadata.gd
C7-R2: 128 checks, 0 failed
== test_tree_assets.gd
60 checks, 0 failed
== test_treeline.gd
L6b runtime: 8217 checks, 0 failed; species [168, 159, 153]
== test_treeline_data.gd
114 checks, 0 failed
== test_trim.gd
14 checks, 0 failed
== test_turbine.gd
27 checks, 0 failed
== test_ui_aircraft.gd
== test_ui_flight_capture.gd
== test_ui_help.gd
== test_ui_home.gd
== test_ui_input.gd
== test_ui_language.gd
== test_ui_pause.gd
== test_visual_evidence.gd
visual evidence: 97 checks, 0 failed
== test_wash_profile.gd
E0b3b: 20 checks, 0 failed
== test_yaw_damping.gd
4 checks, 0 failed
== H7: exact one-ulp math sensitivity and golden branch signatures
== L5: invalid field files fail before Home or flight can start
== aircraft model contract (aircraft/verify_model.gd, owned by the model team)
807 checks, 0 failed
== Extra 300S .60 model contract (aircraft/verify_extra.gd: geometry, finish, articulation clearances)
== P-51D finish parameters are not stale (assets/aircraft/p51d-mustang-120/compile_appearance.py --check, V08)
== P-51D Mustang 1/4 model contract (aircraft/verify_p51.gd, P51-02: geometry, articulation, determinism)
verify_p51: 248 checks, 0 failed
== P-51D hinge clearances (aircraft/verify_p51_clearance.gd, P51-04/V01: rudder and elevators at the flown throws and 45 deg)
verify_p51_clearance: 12 checks, 0 failed (32315 ms)
== Avanti S visual contract (aircraft/verify_avanti.gd, AV-03: geometry, hinges, no propeller)
== C7-R1: trace completion, finite samples and failure exits
== app: headless --trace starts in trimmed level flight (default Ugly Stik, then the Extra, the P-51 and the Avanti by catalog ID)
trimmed level flight: 720 ticks, 3.000000000 s, all samples finite; alt 30.000 -> 30.000 m, speed 15.0000 m/s
trimmed level flight: 720 ticks, 3.000000000 s, all samples finite; alt 30.000 -> 30.000 m, speed 17.0000 m/s
trimmed level flight: 720 ticks, 3.000000000 s, all samples finite; alt 30.000 -> 30.000 m, speed 25.0000 m/s
trimmed level flight: 720 ticks, 3.000000000 s, all samples finite; alt 30.000 -> 30.000 m, speed 29.0000 m/s
== Avanti S physics data is not stale (research/avanti-s/av06/derive_physics.py --check, AV-06)
== app: an unknown aircraft is refused on the direct route (exit 1, never another airplane)
== frame-time logger writes its report (LANDSCAPE-PLAN L0e; headless numbers are plumbing, not performance)
== VQ-01b: scripted logger disables input and identifies its route
== VQ-01b: invalid logger options and output write failures fail the process
== fixed step: the real app with injected keys reaches the same state at 30, 60 and 144 fps rendering
ticks=480 frames=61 throttle=0.5344 state_sha256=8e5d99f5e218b9f5608cfe0d2ca936cf697f3db4ff55b8d553260cdb1bd407dc
ticks=480 frames=121 throttle=0.5344 state_sha256=8e5d99f5e218b9f5608cfe0d2ca936cf697f3db4ff55b8d553260cdb1bd407dc
ticks=480 frames=289 throttle=0.5344 state_sha256=8e5d99f5e218b9f5608cfe0d2ca936cf697f3db4ff55b8d553260cdb1bd407dc
identical
