WorkerThreadPool: 12 threads, 3 max low-priority.
Godot Engine v4.7.2.stable.official.ed1daf0bf - https://godotengine.org
TextServer: Added interface "Dummy"
TextServer: Added interface "ICU / HarfBuzz / Graphite (Built-in)"
SDL: Init OK!
Using "default" pen tablet driver...

Loading resource: res://i18n/es.po remapped: res://i18n/es.po
Completed load for: 'res://i18n/es.po' remapped 'res://i18n/es.po' at thread -1
TextServer: Primary interface set to: "ICU / HarfBuzz / Graphite (Built-in)".
CORE API HASH: 2004498165
EDITOR API HASH: 1696660745
Loading resource: res://tests/test_e2e_input.gd remapped: res://tests/test_e2e_input.gd
Completed load for: 'res://tests/test_e2e_input.gd' remapped 'res://tests/test_e2e_input.gd' at thread -1
SceneTreeFTI: traversal method DEFAULT
Loaded system CA certificates
Loading resource: res://main.tscn remapped: res://main.tscn
Loading resource: res://main.gd remapped: res://main.gd
Loading resource: res://render/sky.gdshader remapped: res://render/sky.gdshader
Completed load for: 'res://render/sky.gdshader' remapped 'res://render/sky.gdshader' at thread -1
Loading resource: res://render/ground.gdshader remapped: res://render/ground.gdshader
Completed load for: 'res://render/ground.gdshader' remapped 'res://render/ground.gdshader' at thread -1
Loading resource: res://render/treeline.gdshader remapped: res://render/treeline.gdshader
Loading resource: res://render/tree_identity.gdshaderinc remapped: res://render/tree_identity.gdshaderinc
Completed load for: 'res://render/tree_identity.gdshaderinc' remapped 'res://render/tree_identity.gdshaderinc' at thread -1
Completed load for: 'res://render/treeline.gdshader' remapped 'res://render/treeline.gdshader' at thread -1
Completed load for: 'res://main.gd' remapped 'res://main.gd' at thread -1
Completed load for: 'res://main.tscn' remapped 'res://main.tscn' at thread -1
Loading resource: res://assets/landscape/trees/atlas.png remapped: res://assets/landscape/trees/atlas.png
Loading resource: res://.godot/imported/atlas.png-e794760107a74004a77d4848f95892ed.ctex remapped: res://.godot/imported/atlas.png-e794760107a74004a77d4848f95892ed.ctex
Completed load for: 'res://assets/landscape/trees/atlas.png' remapped 'res://assets/landscape/trees/atlas.png' at thread -1
aircraft data warning: inertia: Jyy = 0.3871 kg·m2 is 2.11× the scaled UltraStick25e value
ok   hold -> roll +1, aileron +20°
ok   release -> stick re-centers, aileron back to trim
ok   throttle rose and holds after release
ok   reset -> throttle back to its trimmed setting
ok   physics: trimmed level flight holds altitude hands-off
ok   physics: throttle back → descends
ok   physics: R restarts at 30 m
CRASH at 15.0 m/s (sink 0.0 m/s) - restarting
ok   physics: ground contact → CRASH shown
ok   physics: restarts by itself after the crash
ok   L0d: sim_clock = simulation time mod 1024 at three ticks
ok   T: recording shows in the panel
trace saved: /home/bulto/.local/share/godot/app_userdata/OpenRC Simulator/traces/trace-2026-10-06T21-03-33.csv (120 rows)
ok   T again: trace saved with ~0.5 s of ticks
all e2e checks passed
WARNING: 1 ObjectDB instance was leaked at exit (run with `--verbose` for details).
   at: cleanup (core/object/object.cpp:2536)
XR: Clearing primary interface
XR: Removed interface "Native mobile"
XR: Removed interface "OpenXR"
Leaked instance: AudioStreamGeneratorPlayback:9223372107637852066 - Reference count: 1
Hint: Leaked instances typically happen when nodes are removed from the scene tree (with `remove_child()`) but not freed (with `free()` or `queue_free()`).
Orphan StringName: Master (static: 0, total: 2)
StringName: 1 unclaimed string names at exit.
