Godot Engine v4.7.2.stable.official.ed1daf0bf - https://godotengine.org

ok uncached kernel stage times
ok cached k1 avoids duplicate evaluation
ok autonomous kernel retains exact arithmetic
FAIL simulation uses absolute stage times
ok aux advances once and stays frozen
ok sampled inputs stay fixed across stages
ok trace loads retain k1 timing
ok stage 2 fault rolls back body, aux, inputs and trace loads
ok stage 2 fault pauses without emitting a completed tick
ok stage 2 fault remains sticky
ok stage 3 fault rolls back body, aux, inputs and trace loads
ok stage 3 fault pauses without emitting a completed tick
ok stage 3 fault remains sticky
ok stage 4 fault rolls back body, aux, inputs and trace loads
ok stage 4 fault pauses without emitting a completed tick
ok stage 4 fault remains sticky
ok coupled solve at 4 Hz completes
ok coupled solve at 8 Hz completes
ok coupled solve at 16 Hz completes
FAIL coupled nonautonomous solution converges at fourth order
ok coupled solve at 240 Hz completes
FAIL 240 Hz coupled solution error below 1e-10
H8a errors=[0.1440878551333, 0.07274415967291, 0.03654833697024] ratios=1.98074808728542,1.99035484794147 error_240hz=0.002447550114957897
22 checks, 3 failed
