### exported Home-to-runway native GUI route (exit=0)
$ /usr/bin/xvfb-run -a -s -screen 0 1280x720x24 /dev/shm/openrc-runway-refresh/.tools/visual-venv/bin/python /dev/shm/openrc-runway-refresh/docs/research/menu-investigations/UI-06c/export_gui_smoke.py --binary /dev/shm/openrc-runway-refresh/dist/linux/openrc-simulator.x86_64 --out /dev/shm/runway-refresh-gui --settings /tmp/openrc-ui06c-vhtowu1h/xdg-data/godot/app_userdata/OpenRC Simulator/settings.cfg --taxi-seconds 6.0
/dev/shm/openrc-runway-refresh/docs/research/menu-investigations/UI-06c/export_gui_smoke.py:167: DeprecationWarning: Image.Image.getdata is deprecated and will be removed in Pillow 14 (2027-10-15). Use get_flattened_data instead.
  return sum(1 for pixel in delta.getdata() if max(pixel) > threshold) / (80 * 45)
{
  "binary": "/dev/shm/openrc-runway-refresh/dist/linux/openrc-simulator.x86_64",
  "binary_log": "/dev/shm/runway-refresh-gui/exported-gui.log",
  "binary_log_sha256": "afb1f5fc2b66a934a3065a96218b0e267afe77f117083274512da2a3a15b1cb7",
  "binary_sha256": "9f245fb183e9ae68ef13d9b587bf2e27a6f1980cb00e559da22efc2a8f18b0d2",
  "display": ":104",
  "flight_capture": {
    "path": "/dev/shm/runway-refresh-gui/flight-runway.png",
    "sha256": "18c338ea1749c0e48265587854f0df0b90321c9a7d4230315534ab7962e7b275"
  },
  "format": "openrc-ui06c-export-gui-smoke v1",
  "home_airborne_capture": {
    "path": "/dev/shm/runway-refresh-gui/home-airborne.png",
    "sha256": "7c7790941841d21789f619591561ec21bf5436bb8a5144a5f0565eaed3b5e630"
  },
  "home_runway_capture": {
    "path": "/dev/shm/runway-refresh-gui/home-runway.png",
    "sha256": "0cac15bc13a6d431deb893f7403665cddb3755f541a555d3dd2f726edda2843e"
  },
  "home_start_choice_before": "airborne",
  "manual_trace": {
    "column_count": 34,
    "east_delta_m": 2.0358971719999985,
    "first_row_tick": 72,
    "horizontal_speed_end_mps": 4.536648742922394,
    "metadata": {
      "aero_model": "local-surfaces-v1 with bounded attached oracle",
      "aircraft": "jensen-das-ugly-stik-60 (res://data/aircraft/jensen_ugly_stik_60.json)",
      "aircraft_input_format": "openrc-aircraft v1",
      "aircraft_input_hash_convention": "sha256 of exact aircraft input file bytes",
      "aircraft_input_sha256": "fc8e02234c1ed872e7ed5ed9e2cbddbe1c816834f18ad722e3735eaeb27f1e44",
      "aircraft_semantic_hash_convention": "sha256 of Godot JSON.stringify(parsed_input, indent=empty, sort_keys=true, full_precision=false); not file bytes",
      "aircraft_semantic_sha256": "f228d95f6ecb32057d360e91e1c5c4f8f2ffbbd9dd0d4baa48bc45086f4a5e5e",
      "app_build": "v0.1.0-rc6-4-gce4a80c-dirty",
      "app_version": "0.1.0-rc6+4.gce4a80c.dirty",
      "aux_layout": "[\"engine_rpm\",\"srv_roll\",\"srv_pitch\",\"srv_yaw\"]",
      "configuration": "virtual-balanced-reference-v1",
      "continuous_layout": "none",
      "created_utc": "2026-10-08T15:13:12",
      "dt_s": "0.00416666666667",
      "engine": "Godot 4.7.2-stable (official)",
      "engine_rpm_semantics": "propeller shaft rpm",
      "format": "openrc-trace v3",
      "frames": "world NED (north, east, down); body FRD (forward, right, down); quaternion body->NED [w,x,y,z]",
      "gravity_mps2": "9.80665",
      "ground": "flat at 0 m; 3 spring-damper gear contacts (E1) with tyre friction and nose-wheel steering, brakes off (E2), stiction anchors (E3b1), on field 'default' surfaces (E3a)",
      "inertia_kgm2": "Jxx Jyy Jzz Jxy Jxz Jyz = 0.11540678010017 0.38708561399355 0.48410759044528 -0.00954 0.0072395 0.00045525693736",
      "launch_aux": "[2800.0,0.02052601619583048,0.262836484934918,0.02638659935553704]",
      "launch_choice": "runway",
      "launch_engine_running": "true",
      "launch_error": "",
      "launch_field_id": "default",
      "launch_ground_anchors": "[15.18,-47.09586115433354,1.0,14.82,-47.09586115433354,1.0,15.0,-46.74484748367133,1.0]",
      "launch_kind": "runway_threshold",
      "launch_state": "[15.000466433826531,-46.992115291461154,-0.23905038815208413,0.0,0.0,0.0,0.7070362967612625,0.009250394946128615,-0.010532796194431975,0.7070383055109442,0.0,0.0,0.0]",
      "loads": "Fx..Mz: body-axis loads excluding gravity; tick 0 evaluates reset state/aux; tick k>0 evaluates state k-1 with aux k (after pre_step)",
      "mass_kg": "2.88505829104375",
      "metadata_schema": "openrc-flight-meta v2",
      "propulsion_features": "{\"propeller_normal_force\":false,\"propeller_pfactor\":false,\"rotor_gyroscopic_coupling\":true,\"turbine_ram_flow\":false,\"turbine_ram_jet\":false}",
      "propulsion_model": "propeller-rpm-lag-v1",
      "propwash_model": "none",
      "recording_start_aux": "[2800.0,0.02052601619583048,0.262836484934918,0.02638659935553704]",
      "recording_start_engine_running": "true",
      "recording_start_tick": "72",
      "scenario": "runway threshold on field 'default' (idle engine, static equilibrium; experimental)",
      "selected_start_choice": "runway",
      "state_layout": "[\"north_m\",\"east_m\",\"down_m\",\"u_mps\",\"v_mps\",\"w_mps\",\"qw\",\"qx\",\"qy\",\"qz\",\"p_radps\",\"q_radps\",\"r_radps\"]",
      "state_timing": "state and aux at tick k; aux advances before RK4 and is held through its stages; cmd_* drives that step (reset commands at tick 0)"
    },
    "north_delta_m": -0.021017029999999437,
    "path": "/dev/shm/runway-refresh-gui/runway-manual.csv",
    "recorded_sim_seconds": 1.8,
    "recording_aux_matches_first_row": true,
    "recording_start_aux": [
      2800.0,
      0.02052601619583048,
      0.262836484934918,
      0.02638659935553704
    ],
    "recording_start_engine_running": "true",
    "recording_start_tick": 72,
    "rows": 433,
    "sha256": "25a4a4fd47d23e5b78ff605728d343cb0c15e7f010407edaf36ebb6f76ca8bf9",
    "throttle_command_max": 0.8,
    "throttle_command_start": 0.0
  },
  "native_input": "XTestFakeKeyEvent through libXtst",
  "passed": true,
  "pause_restart_capture": {
    "path": "/dev/shm/runway-refresh-gui/flight-pause-restart.png",
    "sha256": "8016ce835eee604c6e66fae5694fb8a1f58d112e383800ce0355491f89c43c0a"
  },
  "pause_restart_trace": {
    "column_count": 34,
    "east_delta_m": 8.939899999660383e-05,
    "first_row_tick": 108,
    "horizontal_speed_end_mps": 0.0016281410524994447,
    "metadata": {
      "aero_model": "local-surfaces-v1 with bounded attached oracle",
      "aircraft": "jensen-das-ugly-stik-60 (res://data/aircraft/jensen_ugly_stik_60.json)",
      "aircraft_input_format": "openrc-aircraft v1",
      "aircraft_input_hash_convention": "sha256 of exact aircraft input file bytes",
      "aircraft_input_sha256": "fc8e02234c1ed872e7ed5ed9e2cbddbe1c816834f18ad722e3735eaeb27f1e44",
      "aircraft_semantic_hash_convention": "sha256 of Godot JSON.stringify(parsed_input, indent=empty, sort_keys=true, full_precision=false); not file bytes",
      "aircraft_semantic_sha256": "f228d95f6ecb32057d360e91e1c5c4f8f2ffbbd9dd0d4baa48bc45086f4a5e5e",
      "app_build": "v0.1.0-rc6-4-gce4a80c-dirty",
      "app_version": "0.1.0-rc6+4.gce4a80c.dirty",
      "aux_layout": "[\"engine_rpm\",\"srv_roll\",\"srv_pitch\",\"srv_yaw\"]",
      "configuration": "virtual-balanced-reference-v1",
      "continuous_layout": "none",
      "created_utc": "2026-10-08T15:13:25",
      "dt_s": "0.00416666666667",
      "engine": "Godot 4.7.2-stable (official)",
      "engine_rpm_semantics": "propeller shaft rpm",
      "format": "openrc-trace v3",
      "frames": "world NED (north, east, down); body FRD (forward, right, down); quaternion body->NED [w,x,y,z]",
      "gravity_mps2": "9.80665",
      "ground": "flat at 0 m; 3 spring-damper gear contacts (E1) with tyre friction and nose-wheel steering, brakes off (E2), stiction anchors (E3b1), on field 'default' surfaces (E3a)",
      "inertia_kgm2": "Jxx Jyy Jzz Jxy Jxz Jyz = 0.11540678010017 0.38708561399355 0.48410759044528 -0.00954 0.0072395 0.00045525693736",
      "launch_aux": "[2800.0,0.02052601619583048,0.262836484934918,0.02638659935553704]",
      "launch_choice": "runway",
      "launch_engine_running": "true",
      "launch_error": "",
      "launch_field_id": "default",
      "launch_ground_anchors": "[15.18,-47.09586115433354,1.0,14.82,-47.09586115433354,1.0,15.0,-46.74484748367133,1.0]",
      "launch_kind": "runway_threshold",
      "launch_state": "[15.000466433826531,-46.992115291461154,-0.23905038815208413,0.0,0.0,0.0,0.7070362967612625,0.009250394946128615,-0.010532796194431975,0.7070383055109442,0.0,0.0,0.0]",
      "loads": "Fx..Mz: body-axis loads excluding gravity; tick 0 evaluates reset state/aux; tick k>0 evaluates state k-1 with aux k (after pre_step)",
      "mass_kg": "2.88505829104375",
      "metadata_schema": "openrc-flight-meta v2",
      "propulsion_features": "{\"propeller_normal_force\":false,\"propeller_pfactor\":false,\"rotor_gyroscopic_coupling\":true,\"turbine_ram_flow\":false,\"turbine_ram_jet\":false}",
      "propulsion_model": "propeller-rpm-lag-v1",
      "propwash_model": "none",
      "recording_start_aux": "[2800.0,0.02052601619583048,0.262836484934918,0.02638659935553704]",
      "recording_start_engine_running": "true",
      "recording_start_tick": "108",
      "scenario": "runway threshold on field 'default' (idle engine, static equilibrium; experimental)",
      "selected_start_choice": "runway",
      "state_layout": "[\"north_m\",\"east_m\",\"down_m\",\"u_mps\",\"v_mps\",\"w_mps\",\"qw\",\"qx\",\"qy\",\"qz\",\"p_radps\",\"q_radps\",\"r_radps\"]",
      "state_timing": "state and aux at tick k; aux advances before RK4 and is held through its stages; cmd_* drives that step (reset commands at tick 0)"
    },
    "north_delta_m": 6.259000000952142e-06,
    "path": "/dev/shm/runway-refresh-gui/runway-pause-restart.csv",
    "recorded_sim_seconds": 0.24999999999999994,
    "recording_aux_matches_first_row": true,
    "recording_start_aux": [
      2800.0,
      0.02052601619583048,
      0.262836484934918,
      0.02638659935553704
    ],
    "recording_start_engine_running": "true",
    "recording_start_tick": 108,
    "rows": 61,
    "sha256": "e2bc124d4e29928d3650bc5ee8f3ce412f973f07bc219770d2f55c1276bd6359",
    "throttle_command_max": 0.025,
    "throttle_command_start": 0.0
  },
  "process_pid": 2817030,
  "r_restart_trace": {
    "column_count": 34,
    "east_delta_m": 2.7757999994548754e-05,
    "first_row_tick": 96,
    "horizontal_speed_end_mps": 0.0008486610239571509,
    "metadata": {
      "aero_model": "local-surfaces-v1 with bounded attached oracle",
      "aircraft": "jensen-das-ugly-stik-60 (res://data/aircraft/jensen_ugly_stik_60.json)",
      "aircraft_input_format": "openrc-aircraft v1",
      "aircraft_input_hash_convention": "sha256 of exact aircraft input file bytes",
      "aircraft_input_sha256": "fc8e02234c1ed872e7ed5ed9e2cbddbe1c816834f18ad722e3735eaeb27f1e44",
      "aircraft_semantic_hash_convention": "sha256 of Godot JSON.stringify(parsed_input, indent=empty, sort_keys=true, full_precision=false); not file bytes",
      "aircraft_semantic_sha256": "f228d95f6ecb32057d360e91e1c5c4f8f2ffbbd9dd0d4baa48bc45086f4a5e5e",
      "app_build": "v0.1.0-rc6-4-gce4a80c-dirty",
      "app_version": "0.1.0-rc6+4.gce4a80c.dirty",
      "aux_layout": "[\"engine_rpm\",\"srv_roll\",\"srv_pitch\",\"srv_yaw\"]",
      "configuration": "virtual-balanced-reference-v1",
      "continuous_layout": "none",
      "created_utc": "2026-10-08T15:13:21",
      "dt_s": "0.00416666666667",
      "engine": "Godot 4.7.2-stable (official)",
      "engine_rpm_semantics": "propeller shaft rpm",
      "format": "openrc-trace v3",
      "frames": "world NED (north, east, down); body FRD (forward, right, down); quaternion body->NED [w,x,y,z]",
      "gravity_mps2": "9.80665",
      "ground": "flat at 0 m; 3 spring-damper gear contacts (E1) with tyre friction and nose-wheel steering, brakes off (E2), stiction anchors (E3b1), on field 'default' surfaces (E3a)",
      "inertia_kgm2": "Jxx Jyy Jzz Jxy Jxz Jyz = 0.11540678010017 0.38708561399355 0.48410759044528 -0.00954 0.0072395 0.00045525693736",
      "launch_aux": "[2800.0,0.02052601619583048,0.262836484934918,0.02638659935553704]",
      "launch_choice": "runway",
      "launch_engine_running": "true",
      "launch_error": "",
      "launch_field_id": "default",
      "launch_ground_anchors": "[15.18,-47.09586115433354,1.0,14.82,-47.09586115433354,1.0,15.0,-46.74484748367133,1.0]",
      "launch_kind": "runway_threshold",
      "launch_state": "[15.000466433826531,-46.992115291461154,-0.23905038815208413,0.0,0.0,0.0,0.7070362967612625,0.009250394946128615,-0.010532796194431975,0.7070383055109442,0.0,0.0,0.0]",
      "loads": "Fx..Mz: body-axis loads excluding gravity; tick 0 evaluates reset state/aux; tick k>0 evaluates state k-1 with aux k (after pre_step)",
      "mass_kg": "2.88505829104375",
      "metadata_schema": "openrc-flight-meta v2",
      "propulsion_features": "{\"propeller_normal_force\":false,\"propeller_pfactor\":false,\"rotor_gyroscopic_coupling\":true,\"turbine_ram_flow\":false,\"turbine_ram_jet\":false}",
      "propulsion_model": "propeller-rpm-lag-v1",
      "propwash_model": "none",
      "recording_start_aux": "[2800.0,0.02052601619583048,0.262836484934918,0.02638659935553704]",
      "recording_start_engine_running": "true",
      "recording_start_tick": "96",
      "scenario": "runway threshold on field 'default' (idle engine, static equilibrium; experimental)",
      "selected_start_choice": "runway",
      "state_layout": "[\"north_m\",\"east_m\",\"down_m\",\"u_mps\",\"v_mps\",\"w_mps\",\"qw\",\"qx\",\"qy\",\"qz\",\"p_radps\",\"q_radps\",\"r_radps\"]",
      "state_timing": "state and aux at tick k; aux advances before RK4 and is held through its stages; cmd_* drives that step (reset commands at tick 0)"
    },
    "north_delta_m": 1.472000001001561e-06,
    "path": "/dev/shm/runway-refresh-gui/runway-r-restart.csv",
    "recorded_sim_seconds": 0.19999999999999996,
    "recording_aux_matches_first_row": true,
    "recording_start_aux": [
      2800.0,
      0.02052601619583048,
      0.262836484934918,
      0.02638659935553704
    ],
    "recording_start_engine_running": "true",
    "recording_start_tick": 96,
    "rows": 49,
    "sha256": "d9b9e96c4d167af0d4e31ef338de75a230494b8f8e696a4a0300c132ddef7d5e",
    "throttle_command_max": 0.025,
    "throttle_command_start": 0.0
  },
  "report_path": "/dev/shm/runway-refresh-gui/manual-launch.json",
  "saved_settings": "[meta]\n\nschema=1\n\n[ui]\n\nlanguage=\"en\"\nfirst_flight_hint_seen=true\n\n[flight]\n\naircraft=\"jensen-das-ugly-stik-60\"\nstart_choice=\"runway\"\n",
  "saved_settings_sha256": "fc891ea5437c2d264dbf9a40e272fcee8ae9acf33b714e87916d83ac00496f37",
  "saved_start_choice_after_fly": "runway",
  "screen_size": [
    1280,
    720
  ],
  "taxi_capture": {
    "path": "/dev/shm/runway-refresh-gui/flight-taxi.png",
    "sha256": "790b74f6234e60b2058c02e5281257d288923f9d8eeb2636ff8a5031fc9d9e59"
  },
  "trace_directory": "/tmp/openrc-ui06c-vhtowu1h/xdg-data/godot/app_userdata/OpenRC Simulator/traces",
  "window_id": 4194307,
  "window_title": "OpenRC Simulator"
}


### source stik trace (exit=0)
$ /dev/shm/openrc-runway-refresh/.tools/Godot_v4.7.2-stable_linux.x86_64 --headless --path /dev/shm/openrc-runway-refresh/app --audio-driver Dummy -- --trace=/tmp/openrc-ui06c-vhtowu1h/source-stik.csv --t=2
Godot Engine v4.7.2.stable.official.ed1daf0bf - https://godotengine.org

aircraft data warning: inertia: Jyy = 0.3871 kg·m2 is 2.11× the scaled UltraStick25e value
trace saved: /tmp/openrc-ui06c-vhtowu1h/source-stik.csv (481 rows)
WARNING: 1 ObjectDB instance was leaked at exit (run with `--verbose` for details).
   at: cleanup (core/object/object.cpp:2536)


### export stik trace (exit=0)
$ /dev/shm/openrc-runway-refresh/dist/linux/openrc-simulator.x86_64 --headless --audio-driver Dummy -- --trace=/tmp/openrc-ui06c-vhtowu1h/export-stik.csv --t=2
WARNING: 1 ObjectDB instance was leaked at exit (run with `--verbose` for details).
   at: cleanup (core/object/object.cpp:2536)
Godot Engine v4.7.2.stable.official.ed1daf0bf - https://godotengine.org

aircraft data warning: inertia: Jyy = 0.3871 kg·m2 is 2.11× the scaled UltraStick25e value
trace saved: /tmp/openrc-ui06c-vhtowu1h/export-stik.csv (481 rows)


### source extra trace (exit=0)
$ /dev/shm/openrc-runway-refresh/.tools/Godot_v4.7.2-stable_linux.x86_64 --headless --path /dev/shm/openrc-runway-refresh/app --audio-driver Dummy -- --aircraft=gp-extra-300s-60 --trace=/tmp/openrc-ui06c-vhtowu1h/source-extra.csv --t=2
Godot Engine v4.7.2.stable.official.ed1daf0bf - https://godotengine.org

trace saved: /tmp/openrc-ui06c-vhtowu1h/source-extra.csv (481 rows)
WARNING: 1 ObjectDB instance was leaked at exit (run with `--verbose` for details).
   at: cleanup (core/object/object.cpp:2536)


### export extra trace (exit=0)
$ /dev/shm/openrc-runway-refresh/dist/linux/openrc-simulator.x86_64 --headless --audio-driver Dummy -- --aircraft=gp-extra-300s-60 --trace=/tmp/openrc-ui06c-vhtowu1h/export-extra.csv --t=2
WARNING: 1 ObjectDB instance was leaked at exit (run with `--verbose` for details).
   at: cleanup (core/object/object.cpp:2536)
Godot Engine v4.7.2.stable.official.ed1daf0bf - https://godotengine.org

trace saved: /tmp/openrc-ui06c-vhtowu1h/export-extra.csv (481 rows)


### export --quick-flight route (exit=0)
$ /dev/shm/openrc-runway-refresh/dist/linux/openrc-simulator.x86_64 --headless --audio-driver Dummy --quit-after 10 -- --quick-flight
WARNING: 1 ObjectDB instance was leaked at exit (run with `--verbose` for details).
   at: cleanup (core/object/object.cpp:2536)
Godot Engine v4.7.2.stable.official.ed1daf0bf - https://godotengine.org

aircraft data warning: inertia: Jyy = 0.3871 kg·m2 is 2.11× the scaled UltraStick25e value


### export scripted capture route (exit=0)
$ /usr/bin/xvfb-run -a -s -screen 0 1280x720x24 /dev/shm/openrc-runway-refresh/dist/linux/openrc-simulator.x86_64 --audio-driver Dummy -- --scripted --capture --t=0.25 --out=/dev/shm/runway-refresh-gui/scripted-capture.png
WARNING: Could not set V-Sync mode, as changing V-Sync mode is not supported by the graphics driver.
     at: set_use_vsync (platform/linuxbsd/x11/gl_manager_x11.cpp:372)
Godot Engine v4.7.2.stable.official.ed1daf0bf - https://godotengine.org
OpenGL API 4.5 (Core Profile) Mesa 25.2.8-0ubuntu0.24.04.2 - Compatibility - Using Device: Mesa - llvmpipe (LLVM 20.1.2, 256 bits)

aircraft data warning: inertia: Jyy = 0.3871 kg·m2 is 2.11× the scaled UltraStick25e value
saved /dev/shm/runway-refresh-gui/scripted-capture.png (error 0) draw_calls=109 primitives=137096 sun_px=behind sim_clock=0.25 shadow_px=882.2,757.4 below_px=640.0,761.9

