Godot Engine v4.7.2.stable.official.ed1daf0bf - https://godotengine.org

ok   default field file is readable
ok   loader accepts intentional rough/mown/runway overlap
ok   builder leaves normalized input unchanged
ok   builder consolidates contained surfaces into the rough ground pass
ok   field builder owns no camera, environment, session or collision nodes
ok   rough rectangle keeps its dimensions and datum
ok   one ground material stores both colored rectangles
ok   surface kinds are priority ordered and retain their rectangles
ok   separate field builds own their material and grass texture
ok   two builds create independent trees, meshes, materials and grass textures
ok   custom field copy is derived from the default
ok   write only the user:// custom field copy
ok   customized field copy remains valid
ok   save test-only preferences
ok   interactive route opens Home with no flight
ok   Home built the field from the injected file
ok   Home composition follows the custom pilot station and eye height
ok   Home consumes custom runway center and dimensions
ok   Home initially focuses Fly
aircraft data warning: inertia: Jyy = 0.3871 kg·m2 is 2.11× the scaled UltraStick25e value
ok   activating Home Fly creates the flight
ok   flight built the same custom field geometry and materials
ok   Home and flight hold separate field trees and mutable resources
ok   transition leaves exactly one field, camera and WorldEnvironment
ok   the flight camera and environment are the active ones
ok   the flight owns exactly one session
ok   Home nodes are gone after the transition
ok   custom pilot station and eye height reach the flight camera metadata
ok   camera aim uses custom pilot coordinates and eye height
ok   review camera defaults to the field's eye height
ok   review altitude override stays above the field's pilot station
ok   app did not mutate either field JSON file
ok   field error screen shows every validation detail
ok   field error screen focuses its Quit button
ok   English error title is available
ok   imported Spanish field error strings translate
ok   error panel controls render the Spanish title and Quit label
ok   the repository default field JSON was never changed
ok   the app only read the temporary customized field JSON
all field integration checks passed
WARNING: 1 ObjectDB instance was leaked at exit (run with `--verbose` for details).
   at: cleanup (core/object/object.cpp:2536)
