Godot Engine v4.7.2.stable.official.ed1daf0bf - https://godotengine.org

D6b-R2: 365 checks, 181 failed
FAIL axis 0 endpoints [-1.0, 1.0, false] stale pre-profile event cannot arm
FAIL axis 0 endpoints [-1.0, 1.0, false] other devices or axes cannot rearm
FAIL axis 0 endpoints [-1.0, 1.0, false] fresh high event and low poll cannot arm
FAIL axis 0 endpoints [-1.0, 1.0, false] low event with high current poll remains safe
FAIL axis 0 endpoints [-1.0, 1.0, false] later high event replaces low evidence
FAIL axis 0 endpoints [-1.0, 1.0, false] repeated profile cannot reuse prior low event
FAIL axis 0 endpoints [-1.0, 1.0, false] nonfinite event is not low-throttle evidence nan
FAIL axis 0 endpoints [-1.0, 1.0, false] nonfinite event is not low-throttle evidence inf
FAIL axis 0 endpoints [-1.0, 1.0, false] nonfinite event is not low-throttle evidence -inf
FAIL axis 0 endpoints [-1.0, 1.0, false] arming threshold 0.06
FAIL axis 0 endpoints [-1.0, 1.0, true] stale pre-profile event cannot arm
FAIL axis 0 endpoints [-1.0, 1.0, true] other devices or axes cannot rearm
FAIL axis 0 endpoints [-1.0, 1.0, true] fresh high event and low poll cannot arm
FAIL axis 0 endpoints [-1.0, 1.0, true] low event with high current poll remains safe
FAIL axis 0 endpoints [-1.0, 1.0, true] later high event replaces low evidence
FAIL axis 0 endpoints [-1.0, 1.0, true] repeated profile cannot reuse prior low event
FAIL axis 0 endpoints [-1.0, 1.0, true] nonfinite event is not low-throttle evidence nan
FAIL axis 0 endpoints [-1.0, 1.0, true] nonfinite event is not low-throttle evidence inf
FAIL axis 0 endpoints [-1.0, 1.0, true] nonfinite event is not low-throttle evidence -inf
FAIL axis 0 endpoints [-1.0, 1.0, true] arming threshold 0.06
FAIL axis 0 endpoints [0.0, 1.0, false] stale pre-profile event cannot arm
FAIL axis 0 endpoints [0.0, 1.0, false] other devices or axes cannot rearm
FAIL axis 0 endpoints [0.0, 1.0, false] fresh high event and low poll cannot arm
FAIL axis 0 endpoints [0.0, 1.0, false] low event with high current poll remains safe
FAIL axis 0 endpoints [0.0, 1.0, false] later high event replaces low evidence
FAIL axis 0 endpoints [0.0, 1.0, false] repeated profile cannot reuse prior low event
FAIL axis 0 endpoints [0.0, 1.0, false] nonfinite event is not low-throttle evidence nan
FAIL axis 0 endpoints [0.0, 1.0, false] nonfinite event is not low-throttle evidence inf
FAIL axis 0 endpoints [0.0, 1.0, false] nonfinite event is not low-throttle evidence -inf
FAIL axis 0 endpoints [0.0, 1.0, false] arming threshold 0.06
FAIL axis 0 endpoints [0.0, 1.0, true] stale pre-profile event cannot arm
FAIL axis 0 endpoints [0.0, 1.0, true] other devices or axes cannot rearm
FAIL axis 0 endpoints [0.0, 1.0, true] fresh high event and low poll cannot arm
FAIL axis 0 endpoints [0.0, 1.0, true] low event with high current poll remains safe
FAIL axis 0 endpoints [0.0, 1.0, true] later high event replaces low evidence
FAIL axis 0 endpoints [0.0, 1.0, true] repeated profile cannot reuse prior low event
FAIL axis 0 endpoints [0.0, 1.0, true] nonfinite event is not low-throttle evidence nan
FAIL axis 0 endpoints [0.0, 1.0, true] nonfinite event is not low-throttle evidence inf
FAIL axis 0 endpoints [0.0, 1.0, true] nonfinite event is not low-throttle evidence -inf
FAIL axis 0 endpoints [0.0, 1.0, true] arming threshold 0.06
FAIL axis 0 endpoints [-0.8, 0.9, false] stale pre-profile event cannot arm
FAIL axis 0 endpoints [-0.8, 0.9, false] other devices or axes cannot rearm
FAIL axis 0 endpoints [-0.8, 0.9, false] fresh high event and low poll cannot arm
FAIL axis 0 endpoints [-0.8, 0.9, false] low event with high current poll remains safe
FAIL axis 0 endpoints [-0.8, 0.9, false] later high event replaces low evidence
FAIL axis 0 endpoints [-0.8, 0.9, false] repeated profile cannot reuse prior low event
FAIL axis 0 endpoints [-0.8, 0.9, false] nonfinite event is not low-throttle evidence nan
FAIL axis 0 endpoints [-0.8, 0.9, false] nonfinite event is not low-throttle evidence inf
FAIL axis 0 endpoints [-0.8, 0.9, false] nonfinite event is not low-throttle evidence -inf
FAIL axis 0 endpoints [-0.8, 0.9, false] arming threshold 0.06
FAIL axis 0 endpoints [-0.8, 0.9, true] stale pre-profile event cannot arm
FAIL axis 0 endpoints [-0.8, 0.9, true] other devices or axes cannot rearm
FAIL axis 0 endpoints [-0.8, 0.9, true] fresh high event and low poll cannot arm
FAIL axis 0 endpoints [-0.8, 0.9, true] low event with high current poll remains safe
FAIL axis 0 endpoints [-0.8, 0.9, true] later high event replaces low evidence
FAIL axis 0 endpoints [-0.8, 0.9, true] repeated profile cannot reuse prior low event
FAIL axis 0 endpoints [-0.8, 0.9, true] nonfinite event is not low-throttle evidence nan
FAIL axis 0 endpoints [-0.8, 0.9, true] nonfinite event is not low-throttle evidence inf
FAIL axis 0 endpoints [-0.8, 0.9, true] nonfinite event is not low-throttle evidence -inf
FAIL axis 0 endpoints [-0.8, 0.9, true] arming threshold 0.06
FAIL axis 2 endpoints [-1.0, 1.0, false] stale pre-profile event cannot arm
FAIL axis 2 endpoints [-1.0, 1.0, false] other devices or axes cannot rearm
FAIL axis 2 endpoints [-1.0, 1.0, false] fresh high event and low poll cannot arm
FAIL axis 2 endpoints [-1.0, 1.0, false] low event with high current poll remains safe
FAIL axis 2 endpoints [-1.0, 1.0, false] later high event replaces low evidence
FAIL axis 2 endpoints [-1.0, 1.0, false] repeated profile cannot reuse prior low event
FAIL axis 2 endpoints [-1.0, 1.0, false] nonfinite event is not low-throttle evidence nan
FAIL axis 2 endpoints [-1.0, 1.0, false] nonfinite event is not low-throttle evidence inf
FAIL axis 2 endpoints [-1.0, 1.0, false] nonfinite event is not low-throttle evidence -inf
FAIL axis 2 endpoints [-1.0, 1.0, false] arming threshold 0.06
FAIL axis 2 endpoints [-1.0, 1.0, true] stale pre-profile event cannot arm
FAIL axis 2 endpoints [-1.0, 1.0, true] other devices or axes cannot rearm
FAIL axis 2 endpoints [-1.0, 1.0, true] fresh high event and low poll cannot arm
FAIL axis 2 endpoints [-1.0, 1.0, true] low event with high current poll remains safe
FAIL axis 2 endpoints [-1.0, 1.0, true] later high event replaces low evidence
FAIL axis 2 endpoints [-1.0, 1.0, true] repeated profile cannot reuse prior low event
FAIL axis 2 endpoints [-1.0, 1.0, true] nonfinite event is not low-throttle evidence nan
FAIL axis 2 endpoints [-1.0, 1.0, true] nonfinite event is not low-throttle evidence inf
FAIL axis 2 endpoints [-1.0, 1.0, true] nonfinite event is not low-throttle evidence -inf
FAIL axis 2 endpoints [-1.0, 1.0, true] arming threshold 0.06
FAIL axis 2 endpoints [0.0, 1.0, false] stale pre-profile event cannot arm
FAIL axis 2 endpoints [0.0, 1.0, false] other devices or axes cannot rearm
FAIL axis 2 endpoints [0.0, 1.0, false] fresh high event and low poll cannot arm
FAIL axis 2 endpoints [0.0, 1.0, false] low event with high current poll remains safe
FAIL axis 2 endpoints [0.0, 1.0, false] later high event replaces low evidence
FAIL axis 2 endpoints [0.0, 1.0, false] repeated profile cannot reuse prior low event
FAIL axis 2 endpoints [0.0, 1.0, false] nonfinite event is not low-throttle evidence nan
FAIL axis 2 endpoints [0.0, 1.0, false] nonfinite event is not low-throttle evidence inf
FAIL axis 2 endpoints [0.0, 1.0, false] nonfinite event is not low-throttle evidence -inf
FAIL axis 2 endpoints [0.0, 1.0, false] arming threshold 0.06
FAIL axis 2 endpoints [0.0, 1.0, true] stale pre-profile event cannot arm
FAIL axis 2 endpoints [0.0, 1.0, true] other devices or axes cannot rearm
FAIL axis 2 endpoints [0.0, 1.0, true] fresh high event and low poll cannot arm
FAIL axis 2 endpoints [0.0, 1.0, true] low event with high current poll remains safe
FAIL axis 2 endpoints [0.0, 1.0, true] later high event replaces low evidence
FAIL axis 2 endpoints [0.0, 1.0, true] repeated profile cannot reuse prior low event
FAIL axis 2 endpoints [0.0, 1.0, true] nonfinite event is not low-throttle evidence nan
FAIL axis 2 endpoints [0.0, 1.0, true] nonfinite event is not low-throttle evidence inf
FAIL axis 2 endpoints [0.0, 1.0, true] nonfinite event is not low-throttle evidence -inf
FAIL axis 2 endpoints [0.0, 1.0, true] arming threshold 0.06
FAIL axis 2 endpoints [-0.8, 0.9, false] stale pre-profile event cannot arm
FAIL axis 2 endpoints [-0.8, 0.9, false] other devices or axes cannot rearm
FAIL axis 2 endpoints [-0.8, 0.9, false] fresh high event and low poll cannot arm
FAIL axis 2 endpoints [-0.8, 0.9, false] low event with high current poll remains safe
FAIL axis 2 endpoints [-0.8, 0.9, false] later high event replaces low evidence
FAIL axis 2 endpoints [-0.8, 0.9, false] repeated profile cannot reuse prior low event
FAIL axis 2 endpoints [-0.8, 0.9, false] nonfinite event is not low-throttle evidence nan
FAIL axis 2 endpoints [-0.8, 0.9, false] nonfinite event is not low-throttle evidence inf
FAIL axis 2 endpoints [-0.8, 0.9, false] nonfinite event is not low-throttle evidence -inf
FAIL axis 2 endpoints [-0.8, 0.9, false] arming threshold 0.06
FAIL axis 2 endpoints [-0.8, 0.9, true] stale pre-profile event cannot arm
FAIL axis 2 endpoints [-0.8, 0.9, true] other devices or axes cannot rearm
FAIL axis 2 endpoints [-0.8, 0.9, true] fresh high event and low poll cannot arm
FAIL axis 2 endpoints [-0.8, 0.9, true] low event with high current poll remains safe
FAIL axis 2 endpoints [-0.8, 0.9, true] later high event replaces low evidence
FAIL axis 2 endpoints [-0.8, 0.9, true] repeated profile cannot reuse prior low event
FAIL axis 2 endpoints [-0.8, 0.9, true] nonfinite event is not low-throttle evidence nan
FAIL axis 2 endpoints [-0.8, 0.9, true] nonfinite event is not low-throttle evidence inf
FAIL axis 2 endpoints [-0.8, 0.9, true] nonfinite event is not low-throttle evidence -inf
FAIL axis 2 endpoints [-0.8, 0.9, true] arming threshold 0.06
FAIL axis 9 endpoints [-1.0, 1.0, false] stale pre-profile event cannot arm
FAIL axis 9 endpoints [-1.0, 1.0, false] other devices or axes cannot rearm
FAIL axis 9 endpoints [-1.0, 1.0, false] fresh high event and low poll cannot arm
FAIL axis 9 endpoints [-1.0, 1.0, false] low event with high current poll remains safe
FAIL axis 9 endpoints [-1.0, 1.0, false] later high event replaces low evidence
FAIL axis 9 endpoints [-1.0, 1.0, false] repeated profile cannot reuse prior low event
FAIL axis 9 endpoints [-1.0, 1.0, false] nonfinite event is not low-throttle evidence nan
FAIL axis 9 endpoints [-1.0, 1.0, false] nonfinite event is not low-throttle evidence inf
FAIL axis 9 endpoints [-1.0, 1.0, false] nonfinite event is not low-throttle evidence -inf
FAIL axis 9 endpoints [-1.0, 1.0, false] arming threshold 0.06
FAIL axis 9 endpoints [-1.0, 1.0, true] stale pre-profile event cannot arm
FAIL axis 9 endpoints [-1.0, 1.0, true] other devices or axes cannot rearm
FAIL axis 9 endpoints [-1.0, 1.0, true] fresh high event and low poll cannot arm
FAIL axis 9 endpoints [-1.0, 1.0, true] low event with high current poll remains safe
FAIL axis 9 endpoints [-1.0, 1.0, true] later high event replaces low evidence
FAIL axis 9 endpoints [-1.0, 1.0, true] repeated profile cannot reuse prior low event
FAIL axis 9 endpoints [-1.0, 1.0, true] nonfinite event is not low-throttle evidence nan
FAIL axis 9 endpoints [-1.0, 1.0, true] nonfinite event is not low-throttle evidence inf
FAIL axis 9 endpoints [-1.0, 1.0, true] nonfinite event is not low-throttle evidence -inf
FAIL axis 9 endpoints [-1.0, 1.0, true] arming threshold 0.06
FAIL axis 9 endpoints [0.0, 1.0, false] stale pre-profile event cannot arm
FAIL axis 9 endpoints [0.0, 1.0, false] other devices or axes cannot rearm
FAIL axis 9 endpoints [0.0, 1.0, false] fresh high event and low poll cannot arm
FAIL axis 9 endpoints [0.0, 1.0, false] low event with high current poll remains safe
FAIL axis 9 endpoints [0.0, 1.0, false] later high event replaces low evidence
FAIL axis 9 endpoints [0.0, 1.0, false] repeated profile cannot reuse prior low event
FAIL axis 9 endpoints [0.0, 1.0, false] nonfinite event is not low-throttle evidence nan
FAIL axis 9 endpoints [0.0, 1.0, false] nonfinite event is not low-throttle evidence inf
FAIL axis 9 endpoints [0.0, 1.0, false] nonfinite event is not low-throttle evidence -inf
FAIL axis 9 endpoints [0.0, 1.0, false] arming threshold 0.06
FAIL axis 9 endpoints [0.0, 1.0, true] stale pre-profile event cannot arm
FAIL axis 9 endpoints [0.0, 1.0, true] other devices or axes cannot rearm
FAIL axis 9 endpoints [0.0, 1.0, true] fresh high event and low poll cannot arm
FAIL axis 9 endpoints [0.0, 1.0, true] low event with high current poll remains safe
FAIL axis 9 endpoints [0.0, 1.0, true] later high event replaces low evidence
FAIL axis 9 endpoints [0.0, 1.0, true] repeated profile cannot reuse prior low event
FAIL axis 9 endpoints [0.0, 1.0, true] nonfinite event is not low-throttle evidence nan
FAIL axis 9 endpoints [0.0, 1.0, true] nonfinite event is not low-throttle evidence inf
FAIL axis 9 endpoints [0.0, 1.0, true] nonfinite event is not low-throttle evidence -inf
FAIL axis 9 endpoints [0.0, 1.0, true] arming threshold 0.06
FAIL axis 9 endpoints [-0.8, 0.9, false] stale pre-profile event cannot arm
FAIL axis 9 endpoints [-0.8, 0.9, false] other devices or axes cannot rearm
FAIL axis 9 endpoints [-0.8, 0.9, false] fresh high event and low poll cannot arm
FAIL axis 9 endpoints [-0.8, 0.9, false] low event with high current poll remains safe
FAIL axis 9 endpoints [-0.8, 0.9, false] later high event replaces low evidence
FAIL axis 9 endpoints [-0.8, 0.9, false] repeated profile cannot reuse prior low event
FAIL axis 9 endpoints [-0.8, 0.9, false] nonfinite event is not low-throttle evidence nan
FAIL axis 9 endpoints [-0.8, 0.9, false] nonfinite event is not low-throttle evidence inf
FAIL axis 9 endpoints [-0.8, 0.9, false] nonfinite event is not low-throttle evidence -inf
FAIL axis 9 endpoints [-0.8, 0.9, false] arming threshold 0.06
FAIL axis 9 endpoints [-0.8, 0.9, true] stale pre-profile event cannot arm
FAIL axis 9 endpoints [-0.8, 0.9, true] other devices or axes cannot rearm
FAIL axis 9 endpoints [-0.8, 0.9, true] fresh high event and low poll cannot arm
FAIL axis 9 endpoints [-0.8, 0.9, true] low event with high current poll remains safe
FAIL axis 9 endpoints [-0.8, 0.9, true] later high event replaces low evidence
FAIL axis 9 endpoints [-0.8, 0.9, true] repeated profile cannot reuse prior low event
FAIL axis 9 endpoints [-0.8, 0.9, true] nonfinite event is not low-throttle evidence nan
FAIL axis 9 endpoints [-0.8, 0.9, true] nonfinite event is not low-throttle evidence inf
FAIL axis 9 endpoints [-0.8, 0.9, true] nonfinite event is not low-throttle evidence -inf
FAIL axis 9 endpoints [-0.8, 0.9, true] arming threshold 0.06
FAIL old throttle axis cannot arm newly assigned axis
