Godot Engine v4.7.2.stable.official.ed1daf0bf - https://godotengine.org

D6b-R2: 365 checks, 36 failed
FAIL axis 0 endpoints [-1.0, 1.0, false] low event with high current poll remains safe
FAIL axis 0 endpoints [-1.0, 1.0, false] later high event replaces low evidence
FAIL axis 0 endpoints [-1.0, 1.0, true] low event with high current poll remains safe
FAIL axis 0 endpoints [-1.0, 1.0, true] later high event replaces low evidence
FAIL axis 0 endpoints [0.0, 1.0, false] low event with high current poll remains safe
FAIL axis 0 endpoints [0.0, 1.0, false] later high event replaces low evidence
FAIL axis 0 endpoints [0.0, 1.0, true] low event with high current poll remains safe
FAIL axis 0 endpoints [0.0, 1.0, true] later high event replaces low evidence
FAIL axis 0 endpoints [-0.8, 0.9, false] low event with high current poll remains safe
FAIL axis 0 endpoints [-0.8, 0.9, false] later high event replaces low evidence
FAIL axis 0 endpoints [-0.8, 0.9, true] low event with high current poll remains safe
FAIL axis 0 endpoints [-0.8, 0.9, true] later high event replaces low evidence
FAIL axis 2 endpoints [-1.0, 1.0, false] low event with high current poll remains safe
FAIL axis 2 endpoints [-1.0, 1.0, false] later high event replaces low evidence
FAIL axis 2 endpoints [-1.0, 1.0, true] low event with high current poll remains safe
FAIL axis 2 endpoints [-1.0, 1.0, true] later high event replaces low evidence
FAIL axis 2 endpoints [0.0, 1.0, false] low event with high current poll remains safe
FAIL axis 2 endpoints [0.0, 1.0, false] later high event replaces low evidence
FAIL axis 2 endpoints [0.0, 1.0, true] low event with high current poll remains safe
FAIL axis 2 endpoints [0.0, 1.0, true] later high event replaces low evidence
FAIL axis 2 endpoints [-0.8, 0.9, false] low event with high current poll remains safe
FAIL axis 2 endpoints [-0.8, 0.9, false] later high event replaces low evidence
FAIL axis 2 endpoints [-0.8, 0.9, true] low event with high current poll remains safe
FAIL axis 2 endpoints [-0.8, 0.9, true] later high event replaces low evidence
FAIL axis 9 endpoints [-1.0, 1.0, false] low event with high current poll remains safe
FAIL axis 9 endpoints [-1.0, 1.0, false] later high event replaces low evidence
FAIL axis 9 endpoints [-1.0, 1.0, true] low event with high current poll remains safe
FAIL axis 9 endpoints [-1.0, 1.0, true] later high event replaces low evidence
FAIL axis 9 endpoints [0.0, 1.0, false] low event with high current poll remains safe
FAIL axis 9 endpoints [0.0, 1.0, false] later high event replaces low evidence
FAIL axis 9 endpoints [0.0, 1.0, true] low event with high current poll remains safe
FAIL axis 9 endpoints [0.0, 1.0, true] later high event replaces low evidence
FAIL axis 9 endpoints [-0.8, 0.9, false] low event with high current poll remains safe
FAIL axis 9 endpoints [-0.8, 0.9, false] later high event replaces low evidence
FAIL axis 9 endpoints [-0.8, 0.9, true] low event with high current poll remains safe
FAIL axis 9 endpoints [-0.8, 0.9, true] later high event replaces low evidence
