Godot Engine v4.7.2.stable.official.ed1daf0bf - https://godotengine.org

D6b-R2: 365 checks, 45 failed
FAIL axis 0 endpoints [-1.0, 1.0, false] nonfinite event is not low-throttle evidence -inf
FAIL axis 0 endpoints [-1.0, 1.0, false] arming threshold 0.06
FAIL axis 0 endpoints [-1.0, 1.0, true] nonfinite event is not low-throttle evidence inf
FAIL axis 0 endpoints [-1.0, 1.0, true] nonfinite event is not low-throttle evidence -inf
FAIL axis 0 endpoints [-1.0, 1.0, true] arming threshold 0.06
FAIL axis 0 endpoints [0.0, 1.0, false] nonfinite event is not low-throttle evidence -inf
FAIL axis 0 endpoints [0.0, 1.0, false] arming threshold 0.06
FAIL axis 0 endpoints [0.0, 1.0, true] nonfinite event is not low-throttle evidence inf
FAIL axis 0 endpoints [0.0, 1.0, true] nonfinite event is not low-throttle evidence -inf
FAIL axis 0 endpoints [0.0, 1.0, true] arming threshold 0.06
FAIL axis 0 endpoints [-0.8, 0.9, false] nonfinite event is not low-throttle evidence -inf
FAIL axis 0 endpoints [-0.8, 0.9, false] arming threshold 0.06
FAIL axis 0 endpoints [-0.8, 0.9, true] nonfinite event is not low-throttle evidence inf
FAIL axis 0 endpoints [-0.8, 0.9, true] nonfinite event is not low-throttle evidence -inf
FAIL axis 0 endpoints [-0.8, 0.9, true] arming threshold 0.06
FAIL axis 2 endpoints [-1.0, 1.0, false] nonfinite event is not low-throttle evidence -inf
FAIL axis 2 endpoints [-1.0, 1.0, false] arming threshold 0.06
FAIL axis 2 endpoints [-1.0, 1.0, true] nonfinite event is not low-throttle evidence inf
FAIL axis 2 endpoints [-1.0, 1.0, true] nonfinite event is not low-throttle evidence -inf
FAIL axis 2 endpoints [-1.0, 1.0, true] arming threshold 0.06
FAIL axis 2 endpoints [0.0, 1.0, false] nonfinite event is not low-throttle evidence -inf
FAIL axis 2 endpoints [0.0, 1.0, false] arming threshold 0.06
FAIL axis 2 endpoints [0.0, 1.0, true] nonfinite event is not low-throttle evidence inf
FAIL axis 2 endpoints [0.0, 1.0, true] nonfinite event is not low-throttle evidence -inf
FAIL axis 2 endpoints [0.0, 1.0, true] arming threshold 0.06
FAIL axis 2 endpoints [-0.8, 0.9, false] nonfinite event is not low-throttle evidence -inf
FAIL axis 2 endpoints [-0.8, 0.9, false] arming threshold 0.06
FAIL axis 2 endpoints [-0.8, 0.9, true] nonfinite event is not low-throttle evidence inf
FAIL axis 2 endpoints [-0.8, 0.9, true] nonfinite event is not low-throttle evidence -inf
FAIL axis 2 endpoints [-0.8, 0.9, true] arming threshold 0.06
FAIL axis 9 endpoints [-1.0, 1.0, false] nonfinite event is not low-throttle evidence -inf
FAIL axis 9 endpoints [-1.0, 1.0, false] arming threshold 0.06
FAIL axis 9 endpoints [-1.0, 1.0, true] nonfinite event is not low-throttle evidence inf
FAIL axis 9 endpoints [-1.0, 1.0, true] nonfinite event is not low-throttle evidence -inf
FAIL axis 9 endpoints [-1.0, 1.0, true] arming threshold 0.06
FAIL axis 9 endpoints [0.0, 1.0, false] nonfinite event is not low-throttle evidence -inf
FAIL axis 9 endpoints [0.0, 1.0, false] arming threshold 0.06
FAIL axis 9 endpoints [0.0, 1.0, true] nonfinite event is not low-throttle evidence inf
FAIL axis 9 endpoints [0.0, 1.0, true] nonfinite event is not low-throttle evidence -inf
FAIL axis 9 endpoints [0.0, 1.0, true] arming threshold 0.06
FAIL axis 9 endpoints [-0.8, 0.9, false] nonfinite event is not low-throttle evidence -inf
FAIL axis 9 endpoints [-0.8, 0.9, false] arming threshold 0.06
FAIL axis 9 endpoints [-0.8, 0.9, true] nonfinite event is not low-throttle evidence inf
FAIL axis 9 endpoints [-0.8, 0.9, true] nonfinite event is not low-throttle evidence -inf
FAIL axis 9 endpoints [-0.8, 0.9, true] arming threshold 0.06
