Godot Engine v4.7.2.stable.official.ed1daf0bf - https://godotengine.org

aircraft data warning: inertia: Jyy = 0.3871 kg·m2 is 2.11× the scaled UltraStick25e value
aircraft data warning: inertia: Jyy = 0.3871 kg·m2 is 2.11× the scaled UltraStick25e value
E0b6p attribution forward swirl=false enabled median 447.6 us/tick
aircraft data warning: inertia: Jyy = 0.3871 kg·m2 is 2.11× the scaled UltraStick25e value
aircraft data warning: inertia: Jyy = 0.3871 kg·m2 is 2.11× the scaled UltraStick25e value
E0b6p attribution forward swirl=true enabled median 604.8 us/tick
aircraft data warning: inertia: Jyy = 0.3871 kg·m2 is 2.11× the scaled UltraStick25e value
aircraft data warning: inertia: Jyy = 0.3871 kg·m2 is 2.11× the scaled UltraStick25e value
E0b6p attribution stall swirl=false enabled median 562.5 us/tick
aircraft data warning: inertia: Jyy = 0.3871 kg·m2 is 2.11× the scaled UltraStick25e value
aircraft data warning: inertia: Jyy = 0.3871 kg·m2 is 2.11× the scaled UltraStick25e value
E0b6p attribution stall swirl=true enabled median 610.2 us/tick
aircraft data warning: inertia: Jyy = 0.3871 kg·m2 is 2.11× the scaled UltraStick25e value
aircraft data warning: inertia: Jyy = 0.3871 kg·m2 is 2.11× the scaled UltraStick25e value
E0b6p attribution static swirl=false enabled median 508.8 us/tick
aircraft data warning: inertia: Jyy = 0.3871 kg·m2 is 2.11× the scaled UltraStick25e value
aircraft data warning: inertia: Jyy = 0.3871 kg·m2 is 2.11× the scaled UltraStick25e value
E0b6p attribution static swirl=true enabled median 527.8 us/tick
aircraft data warning: inertia: Jyy = 0.3871 kg·m2 is 2.11× the scaled UltraStick25e value
aircraft data warning: inertia: Jyy = 0.3871 kg·m2 is 2.11× the scaled UltraStick25e value
E0b6p attribution spin swirl=false enabled median 436.2 us/tick
aircraft data warning: inertia: Jyy = 0.3871 kg·m2 is 2.11× the scaled UltraStick25e value
aircraft data warning: inertia: Jyy = 0.3871 kg·m2 is 2.11× the scaled UltraStick25e value
E0b6p attribution spin swirl=true enabled median 601.8 us/tick
aircraft data warning: inertia: Jyy = 0.3871 kg·m2 is 2.11× the scaled UltraStick25e value
aircraft data warning: inertia: Jyy = 0.3871 kg·m2 is 2.11× the scaled UltraStick25e value
E0b6p attribution reverse_fade swirl=false enabled median 430.2 us/tick
aircraft data warning: inertia: Jyy = 0.3871 kg·m2 is 2.11× the scaled UltraStick25e value
aircraft data warning: inertia: Jyy = 0.3871 kg·m2 is 2.11× the scaled UltraStick25e value
E0b6p attribution reverse_fade swirl=true enabled median 529.6 us/tick
aircraft data warning: inertia: Jyy = 0.3871 kg·m2 is 2.11× the scaled UltraStick25e value
aircraft data warning: inertia: Jyy = 0.3871 kg·m2 is 2.11× the scaled UltraStick25e value
E0b6p attribution reverse_off swirl=false enabled median 385.5 us/tick
aircraft data warning: inertia: Jyy = 0.3871 kg·m2 is 2.11× the scaled UltraStick25e value
aircraft data warning: inertia: Jyy = 0.3871 kg·m2 is 2.11× the scaled UltraStick25e value
E0b6p attribution reverse_off swirl=true enabled median 385.6 us/tick
